[expertsgroups.org/index.html]
[expertsgroups.org/assets/images/logo.jpg]
[backblue.gif]
[fade.gif]
[index.html]
[expertsgroups.org/vendor/bootstrap/css/bootstrap.min.css]
[expertsgroups.org/assets/css/fontawesome.css]
[expertsgroups.org/assets/css/templatemo-grad-school.css]
[expertsgroups.org/assets/css/owl.css]
[expertsgroups.org/assets/css/lightbox.css]
[expertsgroups.org/index-2.html]
[expertsgroups.org/team.html]
[expertsgroups.org/gallery.html]
[expertsgroups.org/assets/videos/welcome.mp4]
[expertsgroups.org/ct-mris.html]
[expertsgroups.org/eet.html]
[expertsgroups.org/ea.html]
[expertsgroups.org/eec.html]
[expertsgroups.org/ct-mrit.html]
[expertsgroups.org/p-sdp.html]
[expertsgroups.org/eips.html]
[expertsgroups.org/eiahs.html]
[expertsgroups.org/esa.html]
[expertsgroups.org/eins.html]
[expertsgroups.org/assets/gallery/32.jpg]
[expertsgroups.org/assets/gallery/82.jpg]
[expertsgroups.org/assets/gallery/7.jpg]
[expertsgroups.org/assets/images/video img.png]
[expertsgroups.org/vendor/jquery/jquery.min.js]
[expertsgroups.org/assets/js/isotope.min.js]
[expertsgroups.org/assets/js/owl-carousel.js]
[expertsgroups.org/assets/js/lightbox.js]
[expertsgroups.org/assets/js/tabs.js]
[expertsgroups.org/assets/js/video.js]
[expertsgroups.org/assets/js/slick-slider.js]
[expertsgroups.org/index.html]
[expertsgroups.org/vendor/bootstrap/css/bootstrap.min.css]
[expertsgroups.org/assets/js/custom.js]
[expertsgroups.org/assets/fonts/fontawesome-webfonte0a5.eot]
[expertsgroups.org/assets/fonts/fontawesome-webfontd41d.eot]
[expertsgroups.org/assets/fonts/fontawesome-webfonte0a5.woff2]
[expertsgroups.org/assets/fonts/fontawesome-webfonte0a5.woff]
[expertsgroups.org/assets/fonts/fontawesome-webfonte0a5.ttf]
[expertsgroups.org/assets/css/fontawesome.css]
[expertsgroups.org/assets/fonts/fontawesome-webfonte0a5.svg]
[expertsgroups.org/assets/images/choosing-bg.jpg]
[expertsgroups.org/assets/images/coming-soon-bg.jpg]
[expertsgroups.org/assets/images/video-bg.jpg]
[expertsgroups.org/assets/images/contact-bg.jpg]
[expertsgroups.org/assets/css/templatemo-grad-school.css]
[expertsgroups.org/assets/css/owl.css]
[expertsgroups.org/assets/images/loading.gif]
[expertsgroups.org/assets/images/prev.png]
[expertsgroups.org/assets/images/next.png]
[expertsgroups.org/assets/images/close.png]
[expertsgroups.org/assets/css/lightbox.css]
[expertsgroups.org/index-2.html]
[expertsgroups.org/assets/css/team.css]
[expertsgroups.org/assets/team/sanjay.jpg]
[expertsgroups.org/assets/team/bheema.jpg]
[expertsgroups.org/assets/team/bhrath gm.jpg]
[expertsgroups.org/assets/team/basanagouda.jpg]
[expertsgroups.org/assets/team/irfan shariff.jpg]
[expertsgroups.org/assets/team/madhura.jpg]
[expertsgroups.org/assets/team/kishan.jpg]
[expertsgroups.org/assets/team/harshitha.jpg]
[expertsgroups.org/assets/team/team work.jpg]
[expertsgroups.org/assets/team/team video.png]
[expertsgroups.org/team.html]
[expertsgroups.org/assets/gallery/0.jpg]
[expertsgroups.org/assets/gallery/1.jpg]
[expertsgroups.org/assets/gallery/2.jpg]
[expertsgroups.org/assets/gallery/3.jpg]
[expertsgroups.org/assets/gallery/4.jpg]
[expertsgroups.org/assets/gallery/5.jpg]
[expertsgroups.org/assets/gallery/6.jpg]
[expertsgroups.org/assets/gallery/8.jpg]
[expertsgroups.org/assets/gallery/9.jpg]
[expertsgroups.org/assets/gallery/11.jpg]
[expertsgroups.org/assets/gallery/12.jpg]
[expertsgroups.org/assets/gallery/13.jpg]
[expertsgroups.org/assets/gallery/14.jpg]
[expertsgroups.org/assets/gallery/15.jpg]
[expertsgroups.org/assets/gallery/16.jpg]
[expertsgroups.org/assets/gallery/17.jpg]
[expertsgroups.org/assets/gallery/18.jpg]
[expertsgroups.org/assets/gallery/19.jpg]
[expertsgroups.org/assets/gallery/20.jpg]
[expertsgroups.org/assets/gallery/21.jpg]
[expertsgroups.org/assets/gallery/22.jpg]
[expertsgroups.org/assets/gallery/23.jpg]
[expertsgroups.org/assets/gallery/25.jpg]
[expertsgroups.org/assets/gallery/26.jpg]
[expertsgroups.org/assets/gallery/27.jpg]
[expertsgroups.org/assets/gallery/28.jpg]
[expertsgroups.org/assets/gallery/29.jpg]
[expertsgroups.org/assets/gallery/30.jpg]
[expertsgroups.org/assets/gallery/31.jpg]
[expertsgroups.org/assets/gallery/34.jpg]
[expertsgroups.org/assets/gallery/35.jpg]
[expertsgroups.org/assets/gallery/36.jpg]
[expertsgroups.org/assets/gallery/37.jpg]
[expertsgroups.org/assets/gallery/38.jpg]
[expertsgroups.org/assets/gallery/39.jpg]
[expertsgroups.org/assets/gallery/40.jpg]
[expertsgroups.org/assets/gallery/41.jpg]
[expertsgroups.org/assets/gallery/42.jpg]
[expertsgroups.org/assets/gallery/43.jpg]
[expertsgroups.org/assets/gallery/44.jpg]
[expertsgroups.org/assets/gallery/45.jpg]
[expertsgroups.org/assets/gallery/46.jpg]
[expertsgroups.org/assets/gallery/47.jpg]
[expertsgroups.org/assets/gallery/48.jpg]
[expertsgroups.org/assets/gallery/49.jpg]
[expertsgroups.org/assets/gallery/50.jpg]
[expertsgroups.org/assets/gallery/51.jpg]
[expertsgroups.org/assets/gallery/52.jpg]
[expertsgroups.org/assets/gallery/53.jpg]
[expertsgroups.org/assets/gallery/54.jpg]
[expertsgroups.org/assets/gallery/55.jpg]
[expertsgroups.org/assets/gallery/56.jpg]
[expertsgroups.org/assets/gallery/57.jpg]
[expertsgroups.org/assets/gallery/58.jpg]
[expertsgroups.org/assets/gallery/59.jpg]
[expertsgroups.org/assets/gallery/60.jpg]
[expertsgroups.org/assets/gallery/61.jpg]
[expertsgroups.org/assets/gallery/62.jpg]
[expertsgroups.org/assets/gallery/63.jpg]
[expertsgroups.org/assets/gallery/64.jpg]
[expertsgroups.org/assets/gallery/65.jpg]
[expertsgroups.org/assets/gallery/66.jpg]
[expertsgroups.org/assets/gallery/67.jpg]
[expertsgroups.org/assets/gallery/68.jpg]
[expertsgroups.org/assets/gallery/69.jpg]
[expertsgroups.org/assets/gallery/70.jpg]
[expertsgroups.org/assets/gallery/71.jpg]
[expertsgroups.org/assets/gallery/72.jpg]
[expertsgroups.org/assets/gallery/73.jpg]
[expertsgroups.org/assets/gallery/74.jpg]
[expertsgroups.org/assets/gallery/75.jpg]
[expertsgroups.org/assets/gallery/76.jpg]
[expertsgroups.org/assets/gallery/77.jpg]
[expertsgroups.org/assets/gallery/78.jpg]
[expertsgroups.org/assets/gallery/79.jpg]
[expertsgroups.org/assets/gallery/80.jpg]
[expertsgroups.org/assets/gallery/81.jpg]
[expertsgroups.org/assets/gallery/83.jpg]
[expertsgroups.org/assets/gallery/85.jpg]
[expertsgroups.org/assets/gallery/86.jpg]
[expertsgroups.org/assets/gallery/87.jpg]
[expertsgroups.org/assets/gallery/88.jpg]
[expertsgroups.org/assets/gallery/89.jpg]
[expertsgroups.org/assets/gallery/90.jpg]
[expertsgroups.org/assets/gallery/91.jpg]
[expertsgroups.org/assets/gallery/92.jpg]
[expertsgroups.org/assets/gallery/93.jpg]
[expertsgroups.org/assets/gallery/94.jpg]
[expertsgroups.org/assets/gallery/96.jpg]
[expertsgroups.org/assets/gallery/97.jpg]
[expertsgroups.org/assets/gallery/98.jpg]
[expertsgroups.org/assets/gallery/99.jpg]
[expertsgroups.org/assets/gallery/100.jpg]
[expertsgroups.org/assets/gallery/101.jpg]
[expertsgroups.org/assets/gallery/102.jpg]
[expertsgroups.org/assets/gallery/103.jpg]
[expertsgroups.org/assets/gallery/104.jpg]
[expertsgroups.org/assets/gallery/105.jpg]
[expertsgroups.org/assets/gallery/106.jpg]
[expertsgroups.org/assets/gallery/107.jpg]
[expertsgroups.org/assets/gallery/108.jpg]
[expertsgroups.org/assets/gallery/109.jpg]
[expertsgroups.org/assets/gallery/110.jpg]
[expertsgroups.org/assets/gallery/111.jpg]
[expertsgroups.org/assets/gallery/118.jpg]
[expertsgroups.org/assets/gallery/119.jpg]
[expertsgroups.org/assets/gallery/120.jpg]
[expertsgroups.org/assets/gallery/121.jpg]
[expertsgroups.org/assets/gallery/122.jpg]
[expertsgroups.org/assets/gallery/125.jpg]
[expertsgroups.org/assets/gallery/126.jpg]
[expertsgroups.org/assets/gallery/127.jpg]
[expertsgroups.org/assets/gallery/128.jpg]
[expertsgroups.org/assets/gallery/129.jpg]
[expertsgroups.org/assets/gallery/130.jpg]
[expertsgroups.org/assets/gallery/131.jpg]
[expertsgroups.org/assets/gallery/132.jpg]
[expertsgroups.org/assets/gallery/133.jpg]
[expertsgroups.org/assets/gallery/134.jpg]
[expertsgroups.org/assets/gallery/135.jpg]
[expertsgroups.org/assets/gallery/136.jpg]
[expertsgroups.org/assets/gallery/137.jpg]
[expertsgroups.org/assets/gallery/138.jpg]
[expertsgroups.org/assets/gallery/139.jpg]
[expertsgroups.org/assets/gallery/140.jpg]
[expertsgroups.org/assets/gallery/141.jpg]
[expertsgroups.org/assets/gallery/142.jpg]
[expertsgroups.org/assets/gallery/144.jpg]
[expertsgroups.org/assets/gallery/145.jpg]
[expertsgroups.org/assets/gallery/147.jpg]
[expertsgroups.org/assets/gallery/148.jpg]
[expertsgroups.org/assets/gallery/149.jpg]
[expertsgroups.org/assets/gallery/150.jpg]
[expertsgroups.org/assets/gallery/151.jpg]
[expertsgroups.org/assets/gallery/152.jpg]
[expertsgroups.org/assets/gallery/153.jpg]
[expertsgroups.org/assets/gallery/154.jpg]
[expertsgroups.org/assets/gallery/155.jpg]
[expertsgroups.org/assets/gallery/156.jpg]
[expertsgroups.org/assets/gallery/157.jpg]
[expertsgroups.org/assets/gallery/158.jpg]
[expertsgroups.org/assets/gallery/159.jpg]
[expertsgroups.org/assets/gallery/160.jpg]
[expertsgroups.org/assets/gallery/161.jpg]
[expertsgroups.org/assets/gallery/162.jpg]
[expertsgroups.org/assets/gallery/163.jpg]
[expertsgroups.org/assets/gallery/164.jpg]
[expertsgroups.org/assets/gallery/146.jpg]
[expertsgroups.org/gallery.html]
[expertsgroups.org/assets/images/Expert CT MRI Source logo.jpg]
[expertsgroups.org/assets/images/ct mri source logo.jpg]
[expertsgroups.org/assets/images/LEVEL 1.jpg]
[expertsgroups.org/assets/images/LEVEL 2.jpg]
[expertsgroups.org/assets/images/LEVEL 3.jpg]
[expertsgroups.org/assets/images/LEVEL 4.jpg]
[expertsgroups.org/assets/images/LEVEL 5.jpg]
[expertsgroups.org/assets/images/office 1.jpg]
[expertsgroups.org/assets/images/office 2.jpg]
[expertsgroups.org/assets/images/office 3.jpg]
[expertsgroups.org/assets/images/office 4.jpg]
[expertsgroups.org/assets/images/office 5.jpg]
[expertsgroups.org/assets/images/office 6.jpg]
[expertsgroups.org/ct-mris.html]
[expertsgroups.org/assets/images/speech.jpg]
[expertsgroups.org/eet.html]
[expertsgroups.org/ea.html]
[cdn.jsdelivr.net/npm/slick-carousel@1.8.1/slick/slick.css]
[expertsgroups.org/assets/css/carousel.css]
[expertsgroups.org/dmlt.html]
[expertsgroups.org/ddt.html]
[expertsgroups.org/dhi.html]
[expertsgroups.org/dmit.html]
[expertsgroups.org/dot.html]
[cdnjs.cloudflare.com/ajax/libs/bootstrap/5.2.3/js/bootstrap.min.js]
[cdnjs.cloudflare.com/ajax/libs/jquery/3.6.3/jquery.min.js]
[cdn.jsdelivr.net/npm/slick-carousel@1.8.1/slick/slick.min.js]
[expertsgroups.org/assets/js/carousel.js]
[expertsgroups.org/assets/images/eec.jpg]
[expertsgroups.org/assets/images/eec2.jpg]
[expertsgroups.org/eec.html]
[expertsgroups.org/assets/images/ct mri training.mp4]
[expertsgroups.org/assets/images/ct mri training.png]
[expertsgroups.org/assets/images/ct mri training.jpg]
[expertsgroups.org/ct-mrit.html]
[expertsgroups.org/assets/images/epsd.jpg]
[expertsgroups.org/assets/images/epsd2.jpg]
[expertsgroups.org/p-sdp.html]
[expertsgroups.org/assets/images/class-icon.png]
[expertsgroups.org/assets/images/study-group.png]
[expertsgroups.org/assets/pdf/DHI.pdf]
[expertsgroups.org/assets/pdf/DMLT.pdf]
[expertsgroups.org/assets/images/questionanswer.webp]
[expertsgroups.org/assets/pdf/II-III-YAER-DMLT.pdf]
[expertsgroups.org/assets/pdf/II-III-YEAR-DHI.pdf]
[expertsgroups.org/assets/pdf/1st-DHI-DMLT.pdf]
[expertsgroups.org/assets/images/facilities/laboratory.jpg]
[expertsgroups.org/assets/pdf/I-YEAR-DMLT-DHI.pdf]
[expertsgroups.org/assets/images/facilities/classroom.jpg]
[expertsgroups.org/assets/images/facilities/library.jpg]
[expertsgroups.org/assets/images/facilities/hostel.jpg]
[expertsgroups.org/assets/images/facilities/clinical.jpg]
[expertsgroups.org/assets/images/activities/1.jpg]
[expertsgroups.org/assets/images/activities/2.jpg]
[expertsgroups.org/assets/images/activities/placement.jpg]
[expertsgroups.org/assets/images/gallery/1.jpg]
[expertsgroups.org/assets/images/gallery/2.jpg]
[expertsgroups.org/assets/images/gallery/3.jpg]
[expertsgroups.org/assets/images/gallery/4.jpg]
[expertsgroups.org/assets/images/gallery/5.jpg]
[expertsgroups.org/assets/images/gallery/6.jpg]
[expertsgroups.org/assets/images/gallery/7.jpg]
[expertsgroups.org/assets/images/gallery/8.jpg]
[expertsgroups.org/assets/images/gallery/9.jpg]
[expertsgroups.org/eips.html]
[expertsgroups.org/eiahs.html]
[expertsgroups.org/assets/images/esa.jpg]
[expertsgroups.org/esa.html]
[expertsgroups.org/assets/images/nursing1.jpg]
[expertsgroups.org/assets/images/nursing2.jpg]
[expertsgroups.org/eins.html]
[expertsgroups.org/vendor/bootstrap/js/bootstrap.bundle.min.html]
[expertsgroups.org/assets/fonts/fontawesome-webfonte0a5.svg]
[expertsgroups.org/assets/css/owl.video.play.html]
[expertsgroups.org/assets/css/team.css]
[expertsgroups.org/assets/css/gallery.css]
[expertsgroups.org/assets/gallery/68.jpg]
[expertsgroups.org/assets/gallery/69.jpg]
[expertsgroups.org/assets/gallery/71.jpg]
[expertsgroups.org/assets/gallery/70.jpg]
[cdn.jsdelivr.net/npm/slick-carousel@1.8.1/slick/slick.css]
[expertsgroups.org/assets/css/carousel.css]
[expertsgroups.org/assets/images/courses/dmlt.jpg]
[expertsgroups.org/dmlt.html]
[expertsgroups.org/assets/images/courses/ddt.jpg]
[expertsgroups.org/ddt.html]
[expertsgroups.org/dhi.html]
[expertsgroups.org/assets/images/courses/dmit.jpg]
[expertsgroups.org/dmit.html]
[expertsgroups.org/assets/images/courses/dot.jpg]
[expertsgroups.org/dot.html]
